// Vitest Snapshot v1, https://vitest.dev/guide/snapshot.html

exports[`colors.js > convertHexcodeToRBG > converts hexcode %p to the expected RGB object #000 1`] = `
{
  "blue": 0,
  "green": 0,
  "red": 0,
}
`;

exports[`colors.js > convertHexcodeToRBG > converts hexcode %p to the expected RGB object #000000 1`] = `
{
  "blue": 0,
  "green": 0,
  "red": 0,
}
`;

exports[`colors.js > convertHexcodeToRBG > converts hexcode %p to the expected RGB object #f6c243 1`] = `
{
  "blue": 67,
  "green": 194,
  "red": 246,
}
`;

exports[`colors.js > convertHexcodeToRBG > converts hexcode %p to the expected RGB object #fff 1`] = `
{
  "blue": 255,
  "green": 255,
  "red": 255,
}
`;

exports[`colors.js > convertHexcodeToRBG > converts hexcode %p to the expected RGB object #ffffff 1`] = `
{
  "blue": 255,
  "green": 255,
  "red": 255,
}
`;
