// Vitest Snapshot v1, https://vitest.dev/guide/snapshot.html

exports[`Icon > renders correctly with className prop 1`] = `
<svg
  className="c-pieIcon c-pieIcon--alcohol additional-styling"
  fill="currentColor"
  focusable="false"
  height={16}
  role="presentation"
  viewBox="0 0 16 16"
  width={16}
  xmlns="http://www.w3.org/2000/svg"
>
  <path
    d="M6.4 5.28V2.576c0-.419-.17-.82-.472-1.115A1.624 1.624 0 0 0 4.791 1h-.68c-.426 0-.835.166-1.137.462a1.561 1.561 0 0 0-.47 1.115v2.702a2.11 2.11 0 0 1-.534 1.45 4.613 4.613 0 0 0-.964 3.055v3.603c-.015.401.132.792.409 1.087.277.295.661.471 1.07.49h3.933a1.566 1.566 0 0 0 1.07-.49c.277-.295.424-.686.41-1.087V9.784a4.611 4.611 0 0 0-.92-3.054A2.112 2.112 0 0 1 6.4 5.28ZM3.881 2.576c0-.06.024-.117.067-.16a.232.232 0 0 1 .162-.066h.68c.061 0 .12.024.163.066.043.043.067.1.067.16v1.126h-1.14V2.577Zm1.14 2.477v.225a3.426 3.426 0 0 0 .77 2.19c.168.222.313.46.433.711H2.678c.12-.25.265-.489.432-.712a3.426 3.426 0 0 0 .772-2.189v-.225h1.14Zm1.497 8.333a.257.257 0 0 1-.101.226H2.485a.262.262 0 0 1-.101-.226V9.56H6.51v.225l.009 3.603ZM8.605 3.081v4c0 .713.249 1.405.705 1.96a3.198 3.198 0 0 0 1.803 1.094v3.514h-1.46V15h4.3v-1.351h-1.461v-3.514a3.198 3.198 0 0 0 1.803-1.093A3.088 3.088 0 0 0 15 7.082v-4H8.605Zm5.035 4c0 .478-.194.936-.538 1.274a1.856 1.856 0 0 1-1.3.528c-.487 0-.954-.19-1.3-.528a1.784 1.784 0 0 1-.537-1.274V4.432h3.675v2.65Z"
  />
</svg>
`;

exports[`Icon > renders correctly with className prop 2`] = `
<svg
  className="c-pieIcon c-pieIcon--alcohol-large additional-styling"
  fill="currentColor"
  focusable="false"
  height={32}
  role="presentation"
  viewBox="0 0 32 32"
  width={32}
  xmlns="http://www.w3.org/2000/svg"
>
  <path
    d="M12.386 10.811V5.5a2.625 2.625 0 0 0-2.625-2.625H8.466A2.625 2.625 0 0 0 5.841 5.5v5.311a4.655 4.655 0 0 1-1.085 3.01 8.671 8.671 0 0 0-1.75 5.679v7a2.52 2.52 0 0 0 2.38 2.625h7.499a2.511 2.511 0 0 0 2.371-2.625v-7a8.75 8.75 0 0 0-1.75-5.679 4.612 4.612 0 0 1-1.12-3.01ZM7.591 5.5a.875.875 0 0 1 .875-.875H9.77a.875.875 0 0 1 .875.875v2.625H7.591V5.5Zm-1.4 9.31a6.248 6.248 0 0 0 1.4-3.999v-.936h3.045v.936a6.248 6.248 0 0 0 1.4 3.999c.27.38.516.778.735 1.19H5.5c.184-.429.438-.805.691-1.19ZM13.49 26.5c0 .473-.28.875-.622.875H5.37c-.341 0-.63-.402-.63-.875v-7c-.005-.586.042-1.172.14-1.75h8.496c.098.578.145 1.164.14 1.75l-.026 7Zm15.286-12.329V6.918H17.453v7.253a5.679 5.679 0 0 0 4.786 5.591v7.613h-3.22v1.75h8.199v-1.75h-3.23v-7.613a5.67 5.67 0 0 0 4.787-5.59Zm-1.75-5.503v2.528c-2.406.7-3.325.403-4.375.044a6.825 6.825 0 0 0-3.5-.42V8.668h7.875Zm-7.822 5.503V12.58a5.127 5.127 0 0 1 2.896.315 6.93 6.93 0 0 0 2.45.481 10.232 10.232 0 0 0 2.476-.359v1.155a3.911 3.911 0 1 1-7.822 0Z"
  />
</svg>
`;

exports[`Icon > renders correctly without className prop 1`] = `
<svg
  className="c-pieIcon c-pieIcon--alcohol"
  fill="currentColor"
  focusable="false"
  height={16}
  role="presentation"
  viewBox="0 0 16 16"
  width={16}
  xmlns="http://www.w3.org/2000/svg"
>
  <path
    d="M6.4 5.28V2.576c0-.419-.17-.82-.472-1.115A1.624 1.624 0 0 0 4.791 1h-.68c-.426 0-.835.166-1.137.462a1.561 1.561 0 0 0-.47 1.115v2.702a2.11 2.11 0 0 1-.534 1.45 4.613 4.613 0 0 0-.964 3.055v3.603c-.015.401.132.792.409 1.087.277.295.661.471 1.07.49h3.933a1.566 1.566 0 0 0 1.07-.49c.277-.295.424-.686.41-1.087V9.784a4.611 4.611 0 0 0-.92-3.054A2.112 2.112 0 0 1 6.4 5.28ZM3.881 2.576c0-.06.024-.117.067-.16a.232.232 0 0 1 .162-.066h.68c.061 0 .12.024.163.066.043.043.067.1.067.16v1.126h-1.14V2.577Zm1.14 2.477v.225a3.426 3.426 0 0 0 .77 2.19c.168.222.313.46.433.711H2.678c.12-.25.265-.489.432-.712a3.426 3.426 0 0 0 .772-2.189v-.225h1.14Zm1.497 8.333a.257.257 0 0 1-.101.226H2.485a.262.262 0 0 1-.101-.226V9.56H6.51v.225l.009 3.603ZM8.605 3.081v4c0 .713.249 1.405.705 1.96a3.198 3.198 0 0 0 1.803 1.094v3.514h-1.46V15h4.3v-1.351h-1.461v-3.514a3.198 3.198 0 0 0 1.803-1.093A3.088 3.088 0 0 0 15 7.082v-4H8.605Zm5.035 4c0 .478-.194.936-.538 1.274a1.856 1.856 0 0 1-1.3.528c-.487 0-.954-.19-1.3-.528a1.784 1.784 0 0 1-.537-1.274V4.432h3.675v2.65Z"
  />
</svg>
`;

exports[`Icon > renders correctly without className prop 2`] = `
<svg
  className="c-pieIcon c-pieIcon--alcohol-large"
  fill="currentColor"
  focusable="false"
  height={32}
  role="presentation"
  viewBox="0 0 32 32"
  width={32}
  xmlns="http://www.w3.org/2000/svg"
>
  <path
    d="M12.386 10.811V5.5a2.625 2.625 0 0 0-2.625-2.625H8.466A2.625 2.625 0 0 0 5.841 5.5v5.311a4.655 4.655 0 0 1-1.085 3.01 8.671 8.671 0 0 0-1.75 5.679v7a2.52 2.52 0 0 0 2.38 2.625h7.499a2.511 2.511 0 0 0 2.371-2.625v-7a8.75 8.75 0 0 0-1.75-5.679 4.612 4.612 0 0 1-1.12-3.01ZM7.591 5.5a.875.875 0 0 1 .875-.875H9.77a.875.875 0 0 1 .875.875v2.625H7.591V5.5Zm-1.4 9.31a6.248 6.248 0 0 0 1.4-3.999v-.936h3.045v.936a6.248 6.248 0 0 0 1.4 3.999c.27.38.516.778.735 1.19H5.5c.184-.429.438-.805.691-1.19ZM13.49 26.5c0 .473-.28.875-.622.875H5.37c-.341 0-.63-.402-.63-.875v-7c-.005-.586.042-1.172.14-1.75h8.496c.098.578.145 1.164.14 1.75l-.026 7Zm15.286-12.329V6.918H17.453v7.253a5.679 5.679 0 0 0 4.786 5.591v7.613h-3.22v1.75h8.199v-1.75h-3.23v-7.613a5.67 5.67 0 0 0 4.787-5.59Zm-1.75-5.503v2.528c-2.406.7-3.325.403-4.375.044a6.825 6.825 0 0 0-3.5-.42V8.668h7.875Zm-7.822 5.503V12.58a5.127 5.127 0 0 1 2.896.315 6.93 6.93 0 0 0 2.45.481 10.232 10.232 0 0 0 2.476-.359v1.155a3.911 3.911 0 1 1-7.822 0Z"
  />
</svg>
`;
